<html>
<body>
<pre>
<h1>µVision Build Log</h1>
<h2>Project:</h2>
C:\Users\u¿ytkownik\Desktop\mitp 2.0\current\uart.uvproj
Project File Date:  03/16/2018

<h2>Output:</h2>
Build target 'Target 1'
compiling keyboard.c...
compiling led.c...
compiling main.c...
compiling servo.c...
compiling timer_interrupts.c...
compiling uart.c...
assembling Startup.s...
linking...
Program Size: Code=2320 RO-data=32 RW-data=12 ZI-data=1268  
".\uart.axf" - 0 Errors, 0 Warning(s).
Build target 'Target 1'
compiling uart.c...
linking...
Program Size: Code=2320 RO-data=32 RW-data=12 ZI-data=1268  
".\uart.axf" - 0 Errors, 0 Warning(s).
Build target 'Target 1'
linking...
Program Size: Code=2320 RO-data=32 RW-data=12 ZI-data=1268  
".\uart.axf" - 0 Errors, 0 Warning(s).
Rebuild target 'Target 1'
compiling keyboard.c...
compiling led.c...
compiling main.c...
compiling servo.c...
compiling timer_interrupts.c...
compiling uart.c...
assembling Startup.s...
linking...
Program Size: Code=2320 RO-data=32 RW-data=12 ZI-data=1268  
".\uart.axf" - 0 Errors, 0 Warning(s).
Rebuild target 'Target 1'
compiling keyboard.c...
compiling led.c...
compiling main.c...
compiling servo.c...
compiling timer_interrupts.c...
compiling uart.c...
assembling Startup.s...
linking...
Program Size: Code=2320 RO-data=32 RW-data=12 ZI-data=1268  
".\uart.axf" - 0 Errors, 0 Warning(s).
Rebuild target 'Target 1'
compiling keyboard.c...
compiling led.c...
compiling main.c...
compiling servo.c...
compiling timer_interrupts.c...
compiling uart.c...
assembling Startup.s...
linking...
Program Size: Code=2592 RO-data=32 RW-data=12 ZI-data=1268  
FromELF: creating hex file...
".\uart.axf" - 0 Errors, 0 Warning(s).
Rebuild target 'Target 1'
compiling keyboard.c...
compiling led.c...
compiling main.c...
compiling servo.c...
compiling timer_interrupts.c...
compiling uart.c...
assembling Startup.s...
linking...
Program Size: Code=2592 RO-data=32 RW-data=12 ZI-data=1268  
FromELF: creating hex file...
".\uart.axf" - 0 Errors, 0 Warning(s).
Build target 'Target 1'
compiling main.c...
linking...
Program Size: Code=2636 RO-data=32 RW-data=12 ZI-data=1268  
FromELF: creating hex file...
".\uart.axf" - 0 Errors, 0 Warning(s).
Rebuild target 'Target 1'
compiling keyboard.c...
compiling led.c...
compiling main.c...
compiling servo.c...
compiling timer_interrupts.c...
compiling uart.c...
assembling Startup.s...
linking...
Program Size: Code=2636 RO-data=32 RW-data=12 ZI-data=1268  
FromELF: creating hex file...
".\uart.axf" - 0 Errors, 0 Warning(s).
Rebuild target 'Target 1'
compiling keyboard.c...
compiling led.c...
compiling main.c...
main.c(18): warning:  #187-D: use of "=" where "==" may have been intended
main.c(21): warning:  #187-D: use of "=" where "==" may have been intended
main.c(24): warning:  #187-D: use of "=" where "==" may have been intended
main.c(27): warning:  #187-D: use of "=" where "==" may have been intended
compiling servo.c...
compiling timer_interrupts.c...
compiling uart.c...
assembling Startup.s...
linking...
Program Size: Code=2652 RO-data=32 RW-data=12 ZI-data=1268  
FromELF: creating hex file...
".\uart.axf" - 0 Errors, 4 Warning(s).
Build target 'Target 1'
compiling main.c...
main.c(21): warning:  #187-D: use of "=" where "==" may have been intended
main.c(24): warning:  #187-D: use of "=" where "==" may have been intended
main.c(27): warning:  #187-D: use of "=" where "==" may have been intended
linking...
Program Size: Code=2664 RO-data=32 RW-data=12 ZI-data=1268  
FromELF: creating hex file...
".\uart.axf" - 0 Errors, 3 Warning(s).
Build target 'Target 1'
compiling main.c...
linking...
Program Size: Code=2764 RO-data=32 RW-data=12 ZI-data=1268  
FromELF: creating hex file...
".\uart.axf" - 0 Errors, 0 Warning(s).
Rebuild target 'Target 1'
compiling keyboard.c...
compiling led.c...
compiling main.c...
compiling servo.c...
compiling timer_interrupts.c...
compiling uart.c...
assembling Startup.s...
linking...
Program Size: Code=2764 RO-data=32 RW-data=12 ZI-data=1268  
FromELF: creating hex file...
".\uart.axf" - 0 Errors, 0 Warning(s).
Rebuild target 'Target 1'
compiling keyboard.c...
compiling led.c...
compiling main.c...
compiling servo.c...
compiling timer_interrupts.c...
compiling uart.c...
assembling Startup.s...
linking...
Program Size: Code=2668 RO-data=32 RW-data=12 ZI-data=1268  
FromELF: creating hex file...
".\uart.axf" - 0 Errors, 0 Warning(s).
Rebuild target 'Target 1'
compiling keyboard.c...
compiling led.c...
compiling main.c...
compiling servo.c...
compiling timer_interrupts.c...
compiling uart.c...
assembling Startup.s...
linking...
Program Size: Code=2692 RO-data=32 RW-data=12 ZI-data=1268  
FromELF: creating hex file...
".\uart.axf" - 0 Errors, 0 Warning(s).
Build target 'Target 1'
compiling uart.c...
compiling operacje_proste.c...
operacje_proste.c(31): error:  #20: identifier "pcDestinationStr" is undefined
operacje_proste.c(39): warning:  #174-D: expression has no effect
".\uart.axf" - 1 Errors, 1 Warning(s).
Target not created
Build target 'Target 1'
compiling operacje_proste.c...
operacje_proste.c(39): warning:  #174-D: expression has no effect
linking...
Program Size: Code=3160 RO-data=32 RW-data=12 ZI-data=1284  
FromELF: creating hex file...
".\uart.axf" - 0 Errors, 1 Warning(s).
Rebuild target 'Target 1'
compiling keyboard.c...
compiling led.c...
compiling main.c...
compiling servo.c...
compiling timer_interrupts.c...
compiling uart.c...
assembling Startup.s...
compiling operacje_proste.c...
operacje_proste.c(39): warning:  #174-D: expression has no effect
linking...
Program Size: Code=3160 RO-data=32 RW-data=12 ZI-data=1284  
FromELF: creating hex file...
".\uart.axf" - 0 Errors, 1 Warning(s).
Build target 'Target 1'
compiling operacje_proste.c...
linking...
Program Size: Code=3160 RO-data=32 RW-data=12 ZI-data=1284  
FromELF: creating hex file...
".\uart.axf" - 0 Errors, 0 Warning(s).
Rebuild target 'Target 1'
compiling keyboard.c...
compiling led.c...
compiling main.c...
compiling servo.c...
compiling timer_interrupts.c...
compiling uart.c...
assembling Startup.s...
compiling operacje_proste.c...
linking...
Program Size: Code=3160 RO-data=32 RW-data=16 ZI-data=1272  
FromELF: creating hex file...
".\uart.axf" - 0 Errors, 0 Warning(s).
